#Timing report of worst 6 path(s)
# Unit scale: 1e-09 seconds
# Output precision: 3

#Path 1
Startpoint: P.inpad[0] (.input clocked by virtual_io_clock)
Endpoint  : out:seg_d.outpad[0] (.output clocked by virtual_io_clock)
Path Type : setup

Point                                                                           Incr      Path
----------------------------------------------------------------------------------------------
clock virtual_io_clock (rise edge)                                             0.000     0.000
clock source latency                                                           0.000     0.000
input external delay                                                           0.000     0.000
P.inpad[0] (.input)                                                            0.000     0.000
$iopadmap$seven_segment.P.I_PAD_$inp[0] (BIDIR_CELL)                           0.000     0.000
$iopadmap$seven_segment.P.I_DAT[0] (BIDIR_CELL)                               10.958    10.958
seg_a_LUT3_O.t_frag.XA1[0] (T_FRAG)                                            0.000    10.958
seg_a_LUT3_O.t_frag.XZ[0] (T_FRAG)                                             1.549    12.507
$iopadmap$seven_segment.seg_d.O_DAT[0] (BIDIR_CELL)                            0.000    12.507
$iopadmap$seven_segment.seg_d.O_PAD_$out[0] (BIDIR_CELL)                       9.809    22.316
out:seg_d.outpad[0] (.output)                                                  0.000    22.317
data arrival time                                                                       22.317

clock virtual_io_clock (rise edge)                                             0.000     0.000
clock source latency                                                           0.000     0.000
clock uncertainty                                                              0.000     0.000
output external delay                                                          0.000     0.000
data required time                                                                       0.000
----------------------------------------------------------------------------------------------
data required time                                                                       0.000
data arrival time                                                                      -22.317
----------------------------------------------------------------------------------------------
slack (VIOLATED)                                                                       -22.317


#Path 2
Startpoint: P.inpad[0] (.input clocked by virtual_io_clock)
Endpoint  : out:seg_e.outpad[0] (.output clocked by virtual_io_clock)
Path Type : setup

Point                                                                           Incr      Path
----------------------------------------------------------------------------------------------
clock virtual_io_clock (rise edge)                                             0.000     0.000
clock source latency                                                           0.000     0.000
input external delay                                                           0.000     0.000
P.inpad[0] (.input)                                                            0.000     0.000
$iopadmap$seven_segment.P.I_PAD_$inp[0] (BIDIR_CELL)                           0.000     0.000
$iopadmap$seven_segment.P.I_DAT[0] (BIDIR_CELL)                               10.958    10.958
seg_a_LUT3_O.t_frag.XA1[0] (T_FRAG)                                            0.000    10.958
seg_a_LUT3_O.t_frag.XZ[0] (T_FRAG)                                             1.549    12.507
$iopadmap$seven_segment.seg_e.O_DAT[0] (BIDIR_CELL)                            0.000    12.507
$iopadmap$seven_segment.seg_e.O_PAD_$out[0] (BIDIR_CELL)                       9.809    22.316
out:seg_e.outpad[0] (.output)                                                  0.000    22.317
data arrival time                                                                       22.317

clock virtual_io_clock (rise edge)                                             0.000     0.000
clock source latency                                                           0.000     0.000
clock uncertainty                                                              0.000     0.000
output external delay                                                          0.000     0.000
data required time                                                                       0.000
----------------------------------------------------------------------------------------------
data required time                                                                       0.000
data arrival time                                                                      -22.317
----------------------------------------------------------------------------------------------
slack (VIOLATED)                                                                       -22.317


#Path 3
Startpoint: P.inpad[0] (.input clocked by virtual_io_clock)
Endpoint  : out:seg_f.outpad[0] (.output clocked by virtual_io_clock)
Path Type : setup

Point                                                                           Incr      Path
----------------------------------------------------------------------------------------------
clock virtual_io_clock (rise edge)                                             0.000     0.000
clock source latency                                                           0.000     0.000
input external delay                                                           0.000     0.000
P.inpad[0] (.input)                                                            0.000     0.000
$iopadmap$seven_segment.P.I_PAD_$inp[0] (BIDIR_CELL)                           0.000     0.000
$iopadmap$seven_segment.P.I_DAT[0] (BIDIR_CELL)                               10.958    10.958
seg_a_LUT3_O.t_frag.XA1[0] (T_FRAG)                                            0.000    10.958
seg_a_LUT3_O.t_frag.XZ[0] (T_FRAG)                                             1.549    12.507
$iopadmap$seven_segment.seg_f.O_DAT[0] (BIDIR_CELL)                            0.000    12.507
$iopadmap$seven_segment.seg_f.O_PAD_$out[0] (BIDIR_CELL)                       9.809    22.316
out:seg_f.outpad[0] (.output)                                                  0.000    22.317
data arrival time                                                                       22.317

clock virtual_io_clock (rise edge)                                             0.000     0.000
clock source latency                                                           0.000     0.000
clock uncertainty                                                              0.000     0.000
output external delay                                                          0.000     0.000
data required time                                                                       0.000
----------------------------------------------------------------------------------------------
data required time                                                                       0.000
data arrival time                                                                      -22.317
----------------------------------------------------------------------------------------------
slack (VIOLATED)                                                                       -22.317


#Path 4
Startpoint: P.inpad[0] (.input clocked by virtual_io_clock)
Endpoint  : out:seg_a.outpad[0] (.output clocked by virtual_io_clock)
Path Type : setup

Point                                                                             Incr      Path
------------------------------------------------------------------------------------------------
clock virtual_io_clock (rise edge)                                               0.000     0.000
clock source latency                                                             0.000     0.000
input external delay                                                             0.000     0.000
P.inpad[0] (.input)                                                              0.000     0.000
$iopadmap$seven_segment.P.I_PAD_$inp[0] (BIDIR_CELL)                             0.000     0.000
$iopadmap$seven_segment.P.I_DAT[0] (BIDIR_CELL)                                 10.958    10.958
seg_a_LUT3_O.t_frag.XA1[0] (T_FRAG)                                              0.000    10.958
seg_a_LUT3_O.t_frag.XZ[0] (T_FRAG)                                               1.549    12.507
$iopadmap$seven_segment.seg_a.O_DAT[0] (SDIOMUX_CELL)                            0.000    12.507
$iopadmap$seven_segment.seg_a.O_PAD_$out[0] (SDIOMUX_CELL)                       9.750    22.257
out:seg_a.outpad[0] (.output)                                                    0.000    22.258
data arrival time                                                                         22.258

clock virtual_io_clock (rise edge)                                               0.000     0.000
clock source latency                                                             0.000     0.000
clock uncertainty                                                                0.000     0.000
output external delay                                                            0.000     0.000
data required time                                                                         0.000
------------------------------------------------------------------------------------------------
data required time                                                                         0.000
data arrival time                                                                        -22.258
------------------------------------------------------------------------------------------------
slack (VIOLATED)                                                                         -22.258


#Path 5
Startpoint: P.inpad[0] (.input clocked by virtual_io_clock)
Endpoint  : out:seg_b.outpad[0] (.output clocked by virtual_io_clock)
Path Type : setup

Point                                                                             Incr      Path
------------------------------------------------------------------------------------------------
clock virtual_io_clock (rise edge)                                               0.000     0.000
clock source latency                                                             0.000     0.000
input external delay                                                             0.000     0.000
P.inpad[0] (.input)                                                              0.000     0.000
$iopadmap$seven_segment.P.I_PAD_$inp[0] (BIDIR_CELL)                             0.000     0.000
$iopadmap$seven_segment.P.I_DAT[0] (BIDIR_CELL)                                 10.958    10.958
seg_b_LUT2_O.t_frag.XSL[0] (T_FRAG)                                              0.000    10.958
seg_b_LUT2_O.t_frag.XZ[0] (T_FRAG)                                               1.462    12.420
$iopadmap$seven_segment.seg_b.O_DAT[0] (SDIOMUX_CELL)                            0.000    12.420
$iopadmap$seven_segment.seg_b.O_PAD_$out[0] (SDIOMUX_CELL)                       9.750    22.170
out:seg_b.outpad[0] (.output)                                                    0.000    22.170
data arrival time                                                                         22.170

clock virtual_io_clock (rise edge)                                               0.000     0.000
clock source latency                                                             0.000     0.000
clock uncertainty                                                                0.000     0.000
output external delay                                                            0.000     0.000
data required time                                                                         0.000
------------------------------------------------------------------------------------------------
data required time                                                                         0.000
data arrival time                                                                        -22.170
------------------------------------------------------------------------------------------------
slack (VIOLATED)                                                                         -22.170


#Path 6
Startpoint: P.inpad[0] (.input clocked by virtual_io_clock)
Endpoint  : out:seg_c.outpad[0] (.output clocked by virtual_io_clock)
Path Type : setup

Point                                                                             Incr      Path
------------------------------------------------------------------------------------------------
clock virtual_io_clock (rise edge)                                               0.000     0.000
clock source latency                                                             0.000     0.000
input external delay                                                             0.000     0.000
P.inpad[0] (.input)                                                              0.000     0.000
$iopadmap$seven_segment.P.I_PAD_$inp[0] (BIDIR_CELL)                             0.000     0.000
$iopadmap$seven_segment.P.I_DAT[0] (BIDIR_CELL)                                 10.958    10.958
seg_b_LUT2_O.t_frag.XSL[0] (T_FRAG)                                              0.000    10.958
seg_b_LUT2_O.t_frag.XZ[0] (T_FRAG)                                               1.462    12.420
$iopadmap$seven_segment.seg_c.O_DAT[0] (SDIOMUX_CELL)                            0.000    12.420
$iopadmap$seven_segment.seg_c.O_PAD_$out[0] (SDIOMUX_CELL)                       9.750    22.170
out:seg_c.outpad[0] (.output)                                                    0.000    22.170
data arrival time                                                                         22.170

clock virtual_io_clock (rise edge)                                               0.000     0.000
clock source latency                                                             0.000     0.000
clock uncertainty                                                                0.000     0.000
output external delay                                                            0.000     0.000
data required time                                                                         0.000
------------------------------------------------------------------------------------------------
data required time                                                                         0.000
data arrival time                                                                        -22.170
------------------------------------------------------------------------------------------------
slack (VIOLATED)                                                                         -22.170


#End of timing report
