#Timing report of worst 6 path(s)
# Unit scale: 1e-09 seconds
# Output precision: 3

#Path 1
Startpoint: P.inpad[0] (.input clocked by virtual_io_clock)
Endpoint  : out:seg_d.outpad[0] (.output clocked by virtual_io_clock)
Path Type : setup

Point                                                                           Incr      Path
----------------------------------------------------------------------------------------------
clock virtual_io_clock (rise edge)                                             0.000     0.000
clock source latency                                                           0.000     0.000
input external delay                                                           0.000     0.000
P.inpad[0] (.input)                                                            0.000     0.000
$iopadmap$seven_segment.P.I_PAD_$inp[0] (BIDIR_CELL)                           0.000     0.000
$iopadmap$seven_segment.P.I_DAT[0] (BIDIR_CELL)                               10.958    10.958
seg_a_LUT3_O.t_frag.XA1[0] (T_FRAG)                                            4.641    15.599
seg_a_LUT3_O.t_frag.XZ[0] (T_FRAG)                                             1.549    17.149
$iopadmap$seven_segment.seg_d.O_DAT[0] (BIDIR_CELL)                            5.775    22.924
$iopadmap$seven_segment.seg_d.O_PAD_$out[0] (BIDIR_CELL)                       9.809    32.733
out:seg_d.outpad[0] (.output)                                                  0.000    32.733
data arrival time                                                                       32.733

clock virtual_io_clock (rise edge)                                             0.000     0.000
clock source latency                                                           0.000     0.000
clock uncertainty                                                              0.000     0.000
output external delay                                                          0.000     0.000
data required time                                                                       0.000
----------------------------------------------------------------------------------------------
data required time                                                                       0.000
data arrival time                                                                      -32.733
----------------------------------------------------------------------------------------------
slack (VIOLATED)                                                                       -32.733


#Path 2
Startpoint: P.inpad[0] (.input clocked by virtual_io_clock)
Endpoint  : out:seg_c.outpad[0] (.output clocked by virtual_io_clock)
Path Type : setup

Point                                                                             Incr      Path
------------------------------------------------------------------------------------------------
clock virtual_io_clock (rise edge)                                               0.000     0.000
clock source latency                                                             0.000     0.000
input external delay                                                             0.000     0.000
P.inpad[0] (.input)                                                              0.000     0.000
$iopadmap$seven_segment.P.I_PAD_$inp[0] (BIDIR_CELL)                             0.000     0.000
$iopadmap$seven_segment.P.I_DAT[0] (BIDIR_CELL)                                 10.958    10.958
seg_b_LUT2_O.t_frag.XSL[0] (T_FRAG)                                              4.758    15.716
seg_b_LUT2_O.t_frag.XZ[0] (T_FRAG)                                               1.406    17.122
$iopadmap$seven_segment.seg_c.O_DAT[0] (SDIOMUX_CELL)                            5.643    22.765
$iopadmap$seven_segment.seg_c.O_PAD_$out[0] (SDIOMUX_CELL)                       9.750    32.515
out:seg_c.outpad[0] (.output)                                                    0.000    32.515
data arrival time                                                                         32.515

clock virtual_io_clock (rise edge)                                               0.000     0.000
clock source latency                                                             0.000     0.000
clock uncertainty                                                                0.000     0.000
output external delay                                                            0.000     0.000
data required time                                                                         0.000
------------------------------------------------------------------------------------------------
data required time                                                                         0.000
data arrival time                                                                        -32.515
------------------------------------------------------------------------------------------------
slack (VIOLATED)                                                                         -32.515


#Path 3
Startpoint: P.inpad[0] (.input clocked by virtual_io_clock)
Endpoint  : out:seg_b.outpad[0] (.output clocked by virtual_io_clock)
Path Type : setup

Point                                                                             Incr      Path
------------------------------------------------------------------------------------------------
clock virtual_io_clock (rise edge)                                               0.000     0.000
clock source latency                                                             0.000     0.000
input external delay                                                             0.000     0.000
P.inpad[0] (.input)                                                              0.000     0.000
$iopadmap$seven_segment.P.I_PAD_$inp[0] (BIDIR_CELL)                             0.000     0.000
$iopadmap$seven_segment.P.I_DAT[0] (BIDIR_CELL)                                 10.958    10.958
seg_b_LUT2_O.t_frag.XSL[0] (T_FRAG)                                              4.758    15.716
seg_b_LUT2_O.t_frag.XZ[0] (T_FRAG)                                               1.406    17.122
$iopadmap$seven_segment.seg_b.O_DAT[0] (SDIOMUX_CELL)                            5.615    22.737
$iopadmap$seven_segment.seg_b.O_PAD_$out[0] (SDIOMUX_CELL)                       9.750    32.487
out:seg_b.outpad[0] (.output)                                                    0.000    32.487
data arrival time                                                                         32.487

clock virtual_io_clock (rise edge)                                               0.000     0.000
clock source latency                                                             0.000     0.000
clock uncertainty                                                                0.000     0.000
output external delay                                                            0.000     0.000
data required time                                                                         0.000
------------------------------------------------------------------------------------------------
data required time                                                                         0.000
data arrival time                                                                        -32.487
------------------------------------------------------------------------------------------------
slack (VIOLATED)                                                                         -32.487


#Path 4
Startpoint: P.inpad[0] (.input clocked by virtual_io_clock)
Endpoint  : out:seg_a.outpad[0] (.output clocked by virtual_io_clock)
Path Type : setup

Point                                                                             Incr      Path
------------------------------------------------------------------------------------------------
clock virtual_io_clock (rise edge)                                               0.000     0.000
clock source latency                                                             0.000     0.000
input external delay                                                             0.000     0.000
P.inpad[0] (.input)                                                              0.000     0.000
$iopadmap$seven_segment.P.I_PAD_$inp[0] (BIDIR_CELL)                             0.000     0.000
$iopadmap$seven_segment.P.I_DAT[0] (BIDIR_CELL)                                 10.958    10.958
seg_a_LUT3_O.t_frag.XA1[0] (T_FRAG)                                              4.641    15.599
seg_a_LUT3_O.t_frag.XZ[0] (T_FRAG)                                               1.549    17.149
$iopadmap$seven_segment.seg_a.O_DAT[0] (SDIOMUX_CELL)                            5.505    22.654
$iopadmap$seven_segment.seg_a.O_PAD_$out[0] (SDIOMUX_CELL)                       9.750    32.404
out:seg_a.outpad[0] (.output)                                                    0.000    32.404
data arrival time                                                                         32.404

clock virtual_io_clock (rise edge)                                               0.000     0.000
clock source latency                                                             0.000     0.000
clock uncertainty                                                                0.000     0.000
output external delay                                                            0.000     0.000
data required time                                                                         0.000
------------------------------------------------------------------------------------------------
data required time                                                                         0.000
data arrival time                                                                        -32.404
------------------------------------------------------------------------------------------------
slack (VIOLATED)                                                                         -32.404


#Path 5
Startpoint: P.inpad[0] (.input clocked by virtual_io_clock)
Endpoint  : out:seg_e.outpad[0] (.output clocked by virtual_io_clock)
Path Type : setup

Point                                                                           Incr      Path
----------------------------------------------------------------------------------------------
clock virtual_io_clock (rise edge)                                             0.000     0.000
clock source latency                                                           0.000     0.000
input external delay                                                           0.000     0.000
P.inpad[0] (.input)                                                            0.000     0.000
$iopadmap$seven_segment.P.I_PAD_$inp[0] (BIDIR_CELL)                           0.000     0.000
$iopadmap$seven_segment.P.I_DAT[0] (BIDIR_CELL)                               10.958    10.958
seg_a_LUT3_O.t_frag.XA1[0] (T_FRAG)                                            4.641    15.599
seg_a_LUT3_O.t_frag.XZ[0] (T_FRAG)                                             1.549    17.149
$iopadmap$seven_segment.seg_e.O_DAT[0] (BIDIR_CELL)                            4.883    22.031
$iopadmap$seven_segment.seg_e.O_PAD_$out[0] (BIDIR_CELL)                       9.809    31.840
out:seg_e.outpad[0] (.output)                                                  0.000    31.840
data arrival time                                                                       31.840

clock virtual_io_clock (rise edge)                                             0.000     0.000
clock source latency                                                           0.000     0.000
clock uncertainty                                                              0.000     0.000
output external delay                                                          0.000     0.000
data required time                                                                       0.000
----------------------------------------------------------------------------------------------
data required time                                                                       0.000
data arrival time                                                                      -31.840
----------------------------------------------------------------------------------------------
slack (VIOLATED)                                                                       -31.840


#Path 6
Startpoint: P.inpad[0] (.input clocked by virtual_io_clock)
Endpoint  : out:seg_f.outpad[0] (.output clocked by virtual_io_clock)
Path Type : setup

Point                                                                           Incr      Path
----------------------------------------------------------------------------------------------
clock virtual_io_clock (rise edge)                                             0.000     0.000
clock source latency                                                           0.000     0.000
input external delay                                                           0.000     0.000
P.inpad[0] (.input)                                                            0.000     0.000
$iopadmap$seven_segment.P.I_PAD_$inp[0] (BIDIR_CELL)                           0.000     0.000
$iopadmap$seven_segment.P.I_DAT[0] (BIDIR_CELL)                               10.958    10.958
seg_a_LUT3_O.t_frag.XA1[0] (T_FRAG)                                            4.641    15.599
seg_a_LUT3_O.t_frag.XZ[0] (T_FRAG)                                             1.549    17.149
$iopadmap$seven_segment.seg_f.O_DAT[0] (BIDIR_CELL)                            4.873    22.021
$iopadmap$seven_segment.seg_f.O_PAD_$out[0] (BIDIR_CELL)                       9.809    31.830
out:seg_f.outpad[0] (.output)                                                  0.000    31.830
data arrival time                                                                       31.830

clock virtual_io_clock (rise edge)                                             0.000     0.000
clock source latency                                                           0.000     0.000
clock uncertainty                                                              0.000     0.000
output external delay                                                          0.000     0.000
data required time                                                                       0.000
----------------------------------------------------------------------------------------------
data required time                                                                       0.000
data arrival time                                                                      -31.830
----------------------------------------------------------------------------------------------
slack (VIOLATED)                                                                       -31.830


#End of timing report
