VPR FPGA Placement and Routing.
Version: 8.1.0-dev+dadca7ecf-dirty
Revision: v8.0.0-rc2-2909-gdadca7ecf-dirty
Compiled: 2026-06-22T12:46:58
Compiler: GNU 9.5.0 on Linux-6.17.0-PRoot-Distro aarch64
Build Info: release IPO VTR_ASSERT_LEVEL=2

University of Toronto
verilogtorouting.org
vtr-users@googlegroups.com
This is free open source code under MIT license.

VPR was run with the following command-line:
vpr /root/symbiflow/quicklogic-arch-defs/share/arch/ql-eos-s3_wlcsp/arch.timing.xml _7447.eblif --device ql-eos-s3 --max_router_iterations 500 --routing_failure_predictor off --router_high_fanout_threshold -1 --constant_net_method route --route_chan_width 100 --clock_modeling route --place_delay_model delta_override --router_lookahead map --check_route quick --strict_checks off --allow_dangling_combinational_nodes on --disable_errors check_unbuffered_edges:check_route --congested_routing_iteration_threshold 0.8 --incremental_reroute_delay_ripup off --base_cost_type delay_normalized_length_bounded --bb_factor 10 --initial_pres_fac 4.0 --check_rr_graph off --suppress_warnings ,sum_pin_class:check_unbuffered_edges:load_rr_indexed_data_T_values:check_rr_node:trans_per_R:check_route:set_rr_graph_tool_comment:warn_model_missing_timing --read_rr_graph /root/symbiflow/quicklogic-arch-defs/share/arch/ql-eos-s3_wlcsp/rr_graph_ql-eos-s3_wlcsp.rr_graph.real.bin --read_placement_delay_lookup /root/symbiflow/quicklogic-arch-defs/share/arch/ql-eos-s3_wlcsp/rr_graph_ql-eos-s3_wlcsp.place_delay.bin --sdc_file /root/seven_segment/7447/build/_7447_dummy.sdc --fix_clusters _7447_constraints.place --place


Architecture file: /root/symbiflow/quicklogic-arch-defs/share/arch/ql-eos-s3_wlcsp/arch.timing.xml
Circuit name: _7447

# Loading Architecture Description
# Loading Architecture Description took 0.47 seconds (max_rss 27.3 MiB, delta_rss +23.7 MiB)
# Building complex block graph
# Building complex block graph took 0.11 seconds (max_rss 34.1 MiB, delta_rss +6.8 MiB)
# Load circuit
# Load circuit took 0.00 seconds (max_rss 34.1 MiB, delta_rss +0.0 MiB)
# Clean circuit
Absorbed 7 LUT buffers
Inferred    3 additional primitive pins as constant generators since they have no combinationally connected inputs
Inferred    3 additional primitive pins as constant generators due to constant inputs
Inferred    0 additional primitive pins as constant generators since they have no combinationally connected inputs
Inferred    0 additional primitive pins as constant generators due to constant inputs
Inferred    0 additional primitive pins as constant generators since they have no combinationally connected inputs
Inferred    0 additional primitive pins as constant generators due to constant inputs
Swept input(s)      : 0
Swept output(s)     : 0 (0 dangling, 0 constant)
Swept net(s)        : 1
Swept block(s)      : 1
Constant Pins Marked: 6
# Clean circuit took 0.00 seconds (max_rss 34.1 MiB, delta_rss +0.0 MiB)
# Compress circuit
# Compress circuit took 0.00 seconds (max_rss 34.1 MiB, delta_rss +0.0 MiB)
# Verify circuit
# Verify circuit took 0.00 seconds (max_rss 34.1 MiB, delta_rss +0.0 MiB)
Circuit Statistics:
  Blocks: 17
    .input      :       3
    .output     :       4
    BIDIR_CELL  :       4
    GND         :       1
    SDIOMUX_CELL:       3
    T_FRAG      :       1
    VCC         :       1
  Nets  : 13
    Avg Fanout:     2.5
    Max Fanout:    10.0
    Min Fanout:     1.0
  Netlist Clocks: 0
# Build Timing Graph
  Timing Graph Nodes: 45
  Timing Graph Edges: 53
  Timing Graph Levels: 8
# Build Timing Graph took 0.00 seconds (max_rss 34.1 MiB, delta_rss +0.0 MiB)
Netlist contains 0 clocks
# Load Timing Constraints

SDC file '/root/seven_segment/7447/build/_7447_dummy.sdc' contained no SDC commands
Setting default timing constraints:
   * constrain all primay inputs and primary outputs on a virtual external clock 'virtual_io_clock'
   * optimize virtual clock to run as fast as possible
Timing constraints created 1 clocks
  Constrained Clock 'virtual_io_clock' (Virtual Clock)

# Load Timing Constraints took 0.00 seconds (max_rss 34.1 MiB, delta_rss +0.0 MiB)
Timing analysis: ON
Circuit netlist file: _7447.net
Circuit placement file: _7447.place
Circuit routing file: _7447.route
Circuit SDC file: /root/seven_segment/7447/build/_7447_dummy.sdc

Packer: ENABLED
Placer: ENABLED
Router: DISABLED
Analysis: DISABLED

NetlistOpts.abosrb_buffer_luts            : true
NetlistOpts.sweep_dangling_primary_ios    : true
NetlistOpts.sweep_dangling_nets           : true
NetlistOpts.sweep_dangling_blocks         : true
NetlistOpts.sweep_constant_primary_outputs: false
NetlistOpts.netlist_verbosity             : 1
NetlistOpts.const_gen_inference           : COMB_SEQ

PackerOpts.allow_unrelated_clustering: auto
PackerOpts.alpha_clustering: 0.750000
PackerOpts.beta_clustering: 0.900000
PackerOpts.cluster_seed_type: BLEND2
PackerOpts.connection_driven: true
PackerOpts.global_clocks: true
PackerOpts.hill_climbing_flag: false
PackerOpts.inter_cluster_net_delay: 1.000000
PackerOpts.timing_driven: true
PackerOpts.target_external_pin_util: auto

PlacerOpts.place_freq: PLACE_ONCE
PlacerOpts.place_algorithm: CRITICALITY_TIMING_PLACE
PlacerOpts.pad_loc_type: FREE
PlacerOpts.constraints_file: Using constraints file '_7447_constraints.place'
PlacerOpts.place_cost_exp: 1.000000
PlacerOpts.place_chan_width: 100
PlacerOpts.inner_loop_recompute_divider: 0
PlacerOpts.recompute_crit_iter: 1
PlacerOpts.timing_tradeoff: 0.500000
PlacerOpts.td_place_exp_first: 1.000000
PlacerOpts.td_place_exp_last: 8.000000
PlacerOpts.delay_offset: 0.000000
PlacerOpts.delay_ramp_delta_threshold: -1
PlacerOpts.delay_ramp_slope: 0.000000
PlacerOpts.tsu_rel_margin: 1.000000
PlacerOpts.tsu_abs_margin: 0.000000
PlacerOpts.post_place_timing_report_file: 
PlacerOpts.allowed_tiles_for_delay_model: 
PlacerOpts.delay_model_reducer: MIN
PlacerOpts.delay_model_type: DELTA_OVERRIDE
PlacerOpts.rlim_escape_fraction: 0.000000
PlacerOpts.move_stats_file: 
PlacerOpts.placement_saves_per_temperature: 0
PlacerOpts.effort_scaling: CIRCUIT
PlacerOpts.place_delta_delay_matrix_calculation_method: ASTAR_ROUTE
PlaceOpts.seed: 1
AnnealSched.type: AUTO_SCHED
AnnealSched.inner_num: 1.000000

RoutingArch.directionality: BI_DIRECTIONAL
RoutingArch.switch_block_type: WILTON
RoutingArch.Fs: 3

# Load Packing
Begin loading packed FPGA netlist file.
Netlist generated from file '_7447.net'.
Detected 2 constant generators (to see names run with higher pack verbosity)
Finished loading packed FPGA netlist file (took 0.008911 seconds).
# Load Packing took 0.01 seconds (max_rss 34.3 MiB, delta_rss +0.2 MiB)
Warning 1: Netlist contains 0 global net to non-global architecture pin connections
Warning 2: Logic block #8 ($false) has only 1 output pin '$false.GND0_GND[0]'. It may be a constant generator.
Warning 3: Logic block #9 ($true) has only 1 output pin '$true.VCC0_VCC[0]'. It may be a constant generator.

Netlist num_nets: 6
Netlist num_blocks: 10
Netlist EMPTY blocks: 0.
Netlist PB-GMUX blocks: 0.
Netlist PB-LOGIC blocks: 1.
Netlist PB-CLOCK blocks: 0.
Netlist PB-MULT blocks: 0.
Netlist PB-SDIOMUX blocks: 3.
Netlist PB-RAM blocks: 0.
Netlist PB-SYN_VCC blocks: 1.
Netlist PB-BIDIR blocks: 4.
Netlist PB-SYN_GND blocks: 1.
Netlist PB-ASSP blocks: 0.
Netlist inputs pins: 3
Netlist output pins: 18


Pb types usage...
  PB-LOGIC          : 1
   LOGIC            : 1
    FRAGS           : 1
     c_frag_modes   : 1
      SPLIT         : 1
       b_frag       : 1
  PB-SDIOMUX        : 3
   SDIOMUX          : 3
    OUTPUT          : 3
     outpad         : 3
     sdiomux        : 3
  PB-SYN_VCC        : 1
   VCC              : 1
  PB-BIDIR          : 4
   BIDIR            : 4
    INPUT           : 3
     bidir          : 3
     inpad          : 3
    OUTPUT          : 1
     bidir          : 1
     outpad         : 1
  PB-SYN_GND        : 1
   GND              : 1

# Create Device
## Build Device Grid
FPGA sized to 39 x 35: 1365 grid tiles (ql-eos-s3)

Resource usage...
	Netlist
		0	blocks of type: PB-GMUX
	Architecture
		5	blocks of type: TL-GMUX
	Netlist
		1	blocks of type: PB-LOGIC
	Architecture
		891	blocks of type: TL-LOGIC
	Netlist
		0	blocks of type: PB-CLOCK
	Architecture
		5	blocks of type: TL-CLOCK
	Netlist
		0	blocks of type: PB-MULT
	Architecture
		2	blocks of type: TL-MULT
	Netlist
		3	blocks of type: PB-SDIOMUX
	Architecture
		14	blocks of type: TL-SDIOMUX
	Netlist
		0	blocks of type: PB-RAM
	Architecture
		4	blocks of type: TL-RAM
	Netlist
		1	blocks of type: PB-SYN_VCC
	Architecture
		1	blocks of type: TL-SYN_VCC
	Netlist
		4	blocks of type: PB-BIDIR
	Architecture
		32	blocks of type: TL-BIDIR
	Netlist
		1	blocks of type: PB-SYN_GND
	Architecture
		1	blocks of type: TL-SYN_GND
	Netlist
		0	blocks of type: PB-ASSP
	Architecture
		1	blocks of type: TL-ASSP

Device Utilization: 0.01 (target 1.00)
	Physical Tile TL-LOGIC:
	Block Utilization: 0.00 Logical Block: PB-LOGIC
	Physical Tile TL-RAM:
	Block Utilization: 0.00 Logical Block: PB-RAM
	Physical Tile TL-MULT:
	Block Utilization: 0.00 Logical Block: PB-MULT
	Physical Tile TL-BIDIR:
	Block Utilization: 0.12 Logical Block: PB-BIDIR
	Physical Tile TL-CLOCK:
	Block Utilization: 0.00 Logical Block: PB-CLOCK
	Physical Tile TL-SDIOMUX:
	Block Utilization: 0.21 Logical Block: PB-SDIOMUX
	Physical Tile TL-GMUX:
	Block Utilization: 0.00 Logical Block: PB-GMUX
	Physical Tile TL-ASSP:
	Block Utilization: 0.00 Logical Block: PB-ASSP
	Physical Tile TL-SYN_VCC:
	Block Utilization: 1.00 Logical Block: PB-SYN_VCC
	Physical Tile TL-SYN_GND:
	Block Utilization: 1.00 Logical Block: PB-SYN_GND

## Build Device Grid took 0.00 seconds (max_rss 34.4 MiB, delta_rss +0.0 MiB)
## Loading routing resource graph



Warning 4: This architecture version is for VPR 8.1.0-dev+dadca7ecf-dirty while your current VPR version is 8.1.0-dev+dadca7ecf compatability issues may arise

## Loading routing resource graph took 0.65 seconds (max_rss 342.3 MiB, delta_rss +307.8 MiB)
  RR Graph Nodes: 1396446
  RR Graph Edges: 2337988
# Create Device took 2.10 seconds (max_rss 389.8 MiB, delta_rss +355.4 MiB)

# Computing router lookahead map
## Computing wire lookahead
Warning 5: Unable to find any sample location for segment CHANX type 'generic' (length 1)
Warning 6: Unable to find any sample location for segment CHANY type 'generic' (length 1)
Warning 7: Unable to find any sample location for segment CHANX type 'pad' (length 1)
Warning 8: Unable to find any sample location for segment CHANY type 'pad' (length 1)
## Computing wire lookahead took 38.18 seconds (max_rss 370.8 MiB, delta_rss +17592186044416.0 MiB)
## Computing src/opin lookahead
## Computing src/opin lookahead took 0.00 seconds (max_rss 370.8 MiB, delta_rss +0.0 MiB)
# Computing router lookahead map took 38.18 seconds (max_rss 370.8 MiB, delta_rss +17592186044416.0 MiB)
# Placement
## Computing placement delta delay look-up
  RR Graph Nodes: 1396446
  RR Graph Edges: 2337988
## Computing placement delta delay look-up took 1.25 seconds (max_rss 447.8 MiB, delta_rss +77.1 MiB)
Warning 9: CHANX place cost fac is 0 at 2 2
Warning 10: CHANX place cost fac is 0 at 34 34
Warning 11: CHANY place cost fac is 0 at 38 38
## Initial Placement
Reading _7447_constraints.place.

Successfully read _7447_constraints.place.

## Initial Placement took 0.00 seconds (max_rss 447.8 MiB, delta_rss +0.0 MiB)

There are 25 point to point connections in this circuit.


BB estimate of min-dist (placement) wire length: 264

Completed placement consistency check successfully.
Initial placement cost: 1 bb_cost: 0.397929 td_cost: 6.09801e-08
Initial placement estimated Critical Path Delay (CPD): 42.7503 ns
Initial placement estimated setup Total Negative Slack (sTNS): -42.7503 ns
Initial placement estimated setup Worst Negative Slack (sWNS): -42.7503 ns

Initial placement estimated setup slack histogram:
[ -4.3e-08: -4.3e-08) 1 (100.0%) |**************************************************
[ -4.3e-08: -4.3e-08) 0 (  0.0%) |
[ -4.3e-08: -4.3e-08) 0 (  0.0%) |
[ -4.3e-08: -4.3e-08) 0 (  0.0%) |
[ -4.3e-08: -4.3e-08) 0 (  0.0%) |
[ -4.3e-08: -4.3e-08) 0 (  0.0%) |
[ -4.3e-08: -4.3e-08) 0 (  0.0%) |
[ -4.3e-08: -4.3e-08) 0 (  0.0%) |
[ -4.3e-08: -4.3e-08) 0 (  0.0%) |
[ -4.3e-08: -4.3e-08) 0 (  0.0%) |
Placement contains 0 placement macros involving 0 blocks (average macro size nan)

Moves per temperature: 21

---- ------ ------- ------- ---------- ---------- ------- ---------- -------- ------- ------- ------ -------- --------- ------
Tnum   Time       T Av Cost Av BB Cost Av TD Cost     CPD       sTNS     sWNS Ac Rate Std Dev  R lim Crit Exp Tot Moves  Alpha
      (sec)                                          (ns)       (ns)     (ns)                                                 
---- ------ ------- ------- ---------- ---------- ------- ---------- -------- ------- ------- ------ -------- --------- ------
   1    0.0 1.2e+00   1.096       0.48 6.2523e-08  43.686      -43.7  -43.686   0.857  0.0914   38.0     1.00        21  0.200
   2    0.0 1.1e+00   1.094       0.45 6.0557e-08  43.947      -43.9  -43.947   0.619  0.2242   38.0     1.00        42  0.900
   3    0.0 1.0e+00   1.581       0.47 6.6188e-08  36.075      -36.1  -36.075   0.810  0.2129   38.0     1.00        63  0.950
   4    0.0 9.3e-01   1.002       0.47 7.0359e-08  43.685      -43.7  -43.685   0.619  0.1091   38.0     1.00        84  0.900
   5    0.0 8.9e-01   0.863       0.43 6.2015e-08  49.338      -49.3  -49.338   0.571  0.0776   38.0     1.00       105  0.950
   6    0.0 8.4e-01   0.913       0.46 6.2864e-08  41.661      -41.7  -41.661   0.476  0.0703   38.0     1.00       126  0.950
   7    0.0 8.0e-01   0.890       0.43 5.5076e-08  43.174      -43.2  -43.174   0.714  0.1580   38.0     1.00       147  0.950
   8    0.0 7.6e-01   0.962       0.45 6.7805e-08  42.012        -42  -42.012   0.762  0.1390   38.0     1.00       168  0.950
   9    0.0 7.2e-01   1.193       0.40 5.8164e-08  36.177      -36.2  -36.177   0.571  0.1299   38.0     1.00       189  0.950
  10    0.0 6.9e-01   1.070       0.37 5.5513e-08  40.155      -40.2  -40.155   0.429  0.1886   38.0     1.00       210  0.950
  11    0.0 6.5e-01   0.841       0.37 4.8316e-08  47.331      -47.3  -47.331   0.524  0.1125   37.6     1.08       231  0.950
  12    0.0 6.2e-01   1.288       0.43 6.3916e-08  40.143      -40.1  -40.143   0.476  0.1868   38.0     1.00       252  0.950
  13    0.0 5.9e-01   1.002       0.46 7.3255e-08  45.814      -45.8  -45.814   0.714  0.0478   38.0     1.00       273  0.950
  14    0.0 5.6e-01   0.918       0.45 5.4692e-08  42.402      -42.4  -42.402   0.571  0.1048   38.0     1.00       294  0.950
  15    0.0 5.3e-01   0.903       0.39 5.3412e-08  44.000        -44  -44.000   0.810  0.1166   38.0     1.00       315  0.950
  16    0.0 4.8e-01   1.146       0.40 6.0658e-08  38.759      -38.8  -38.759   0.762  0.0939   38.0     1.00       336  0.900
  17    0.0 4.5e-01   0.961       0.43 6.193e-08   47.559      -47.6  -47.559   0.619  0.0679   38.0     1.00       357  0.950
  18    0.0 4.3e-01   1.004       0.45 5.9264e-08  42.843      -42.8  -42.843   0.333  0.0476   38.0     1.00       378  0.950
  19    0.0 4.1e-01   1.109       0.43 6.5473e-08  39.501      -39.5  -39.501   0.571  0.1817   33.9     1.77       399  0.950
  20    0.0 3.9e-01   1.496       0.50 6.4633e-08  42.950      -42.9  -42.950   0.476  0.1866   38.0     1.00       420  0.950
  21    0.0 3.7e-01   0.895       0.47 6.7274e-08  44.477      -44.5  -44.477   0.619  0.0391   38.0     1.00       441  0.950
  22    0.0 3.5e-01   1.005       0.47 6.0399e-08  43.412      -43.4  -43.412   0.524  0.0674   38.0     1.00       462  0.950
  23    0.0 3.3e-01   0.871       0.45 6.1119e-08  45.842      -45.8  -45.842   0.571  0.0805   38.0     1.00       483  0.950
  24    0.0 3.2e-01   0.992       0.43 6.1618e-08  42.770      -42.8  -42.770   0.571  0.0851   38.0     1.00       504  0.950
  25    0.0 3.0e-01   1.037       0.47 6.8401e-08  42.929      -42.9  -42.929   0.571  0.1130   38.0     1.00       525  0.950
  26    0.0 2.9e-01   1.061       0.49 6.3526e-08  44.745      -44.7  -44.745   0.429  0.0445   38.0     1.00       546  0.950
  27    0.0 2.7e-01   0.972       0.47 5.7898e-08  48.392      -48.4  -48.392   0.476  0.0868   37.6     1.08       567  0.950
  28    0.0 2.6e-01   0.933       0.43 6.3179e-08  46.193      -46.2  -46.193   0.429  0.1604   38.0     1.00       588  0.950
  29    0.0 2.5e-01   0.833       0.45 6.0948e-08  48.525      -48.5  -48.525   0.619  0.0817   37.6     1.08       609  0.950
  30    0.0 2.3e-01   1.001       0.45 5.5346e-08  43.355      -43.4  -43.355   0.476  0.1075   38.0     1.00       630  0.950
  31    0.0 2.2e-01   0.916       0.38 5.1726e-08  40.810      -40.8  -40.810   0.381  0.0784   38.0     1.00       651  0.950
  32    0.0 2.1e-01   1.129       0.45 4.9451e-08  43.633      -43.6  -43.633   0.714  0.0857   35.8     1.42       672  0.950
  33    0.0 2.0e-01   1.072       0.40 5.6709e-08  41.293      -41.3  -41.293   0.381  0.1406   38.0     1.00       693  0.950
  34    0.0 1.9e-01   1.112       0.38 4.0033e-08  37.973        -38  -37.973   0.524  0.1060   35.8     1.42       714  0.950
  35    0.0 1.8e-01   1.097       0.40 3.9791e-08  39.499      -39.5  -39.499   0.333  0.0937   38.0     1.00       735  0.950
  36    0.0 1.7e-01   0.896       0.38 3.2007e-08  43.301      -43.3  -43.301   0.429  0.0976   33.9     1.77       756  0.950
  37    0.0 1.6e-01   1.352       0.39 4.6432e-08  35.966        -36  -35.966   0.381  0.2058   33.6     1.84       777  0.950
  38    0.0 1.5e-01   0.893       0.39 5.1689e-08  40.156      -40.2  -40.156   0.429  0.1541   31.6     2.22       798  0.950
  39    0.0 1.5e-01   0.891       0.46 5.7284e-08  42.681      -42.7  -42.681   0.476  0.0379   31.2     2.28       819  0.950
  40    0.0 1.4e-01   0.882       0.42 5.4555e-08  41.652      -41.7  -41.652   0.381  0.0893   32.3     2.07       840  0.950
  41    0.0 1.3e-01   0.966       0.40 5.8415e-08  43.673      -43.7  -43.673   0.429  0.1000   30.4     2.43       861  0.950
  42    0.0 1.3e-01   1.162       0.40 4.2772e-08  39.895      -39.9  -39.895   0.476  0.1157   30.1     2.50       882  0.950
  43    0.0 1.2e-01   0.871       0.39 4.4044e-08  41.293      -41.3  -41.293   0.286  0.1351   31.2     2.29       903  0.950
  44    0.0 1.1e-01   1.043       0.34 3.4928e-08  34.800      -34.8  -34.800   0.143  0.0643   26.4     3.20       924  0.950
  45    0.0 1.1e-01   1.047       0.33 3.4352e-08  33.982        -34  -33.982   0.238  0.0754   18.5     4.68       945  0.950
  46    0.0 1.0e-01   0.708       0.29 1.5389e-08  40.180      -40.2  -40.180   0.048  0.0000   14.8     5.39       966  0.950
  47    0.0 9.7e-02   0.935       0.29 2.5087e-08  32.269      -32.3  -32.269   0.048  0.0000    9.0     6.49       987  0.950
  48    0.0 9.3e-02   1.102       0.28 2.7556e-08  32.269      -32.3  -32.269   0.190  0.0735    5.5     7.16      1008  0.950
  49    0.0 8.8e-02   0.966       0.26 2.4527e-08  33.985        -34  -33.985   0.190  0.0548    4.1     7.41      1029  0.950
  50    0.0 8.3e-02   0.942       0.25 2.5579e-08  31.885      -31.9  -31.885   0.238  0.0283    3.1     7.61      1050  0.950
  51    0.0 7.9e-02   0.981       0.25 2.0763e-08  30.317      -30.3  -30.317   0.333  0.0357    2.5     7.72      1071  0.950
  52    0.0 7.5e-02   1.000       0.24 2.2687e-08  29.497      -29.5  -29.497   0.143  0.0000    2.2     7.77      1092  0.950
  53    0.0 7.2e-02   1.099       0.25 2.6129e-08  29.566      -29.6  -29.566   0.238  0.0497    1.5     7.90      1113  0.950
  54    0.0 6.8e-02   1.033       0.24 2.5963e-08  30.732      -30.7  -30.732   0.286  0.0573    1.2     7.96      1134  0.950
  55    0.0 6.5e-02   0.932       0.24 1.9906e-08  29.341      -29.3  -29.341   0.143  0.0012    1.0     7.99      1155  0.950
  56    0.0 6.1e-02   1.037       0.24 1.9632e-08  29.341      -29.3  -29.341   0.190  0.0750    1.0     8.00      1176  0.950
  57    0.0 5.8e-02   1.161       0.25 2.3384e-08  29.341      -29.3  -29.341   0.286  0.1071    1.0     8.00      1197  0.950
  58    0.0 5.5e-02   1.151       0.27 3.0909e-08  31.810      -31.8  -31.810   0.333  0.1252    1.0     8.00      1218  0.950
  59    0.0 5.3e-02   0.783       0.25 1.442e-08   37.793      -37.8  -37.793   0.238  0.1035    1.0     8.00      1239  0.950
  60    0.0 5.0e-02   1.060       0.26 3.1336e-08  31.885      -31.9  -31.885   0.238  0.0922    1.0     8.00      1260  0.950
  61    0.0 4.7e-02   0.994       0.25 2.6834e-08  30.663      -30.7  -30.663   0.476  0.1059    1.0     8.00      1281  0.950
  62    0.0 4.5e-02   0.978       0.24 2.1059e-08  30.363      -30.4  -30.363   0.286  0.0764    1.0     7.99      1302  0.950
  63    0.0 4.3e-02   1.009       0.25 1.651e-08   30.421      -30.4  -30.421   0.095  0.0064    1.0     8.00      1323  0.950
  64    0.0 3.4e-02   1.069       0.25 1.969e-08   30.265      -30.3  -30.265   0.143  0.0045    1.0     8.00      1344  0.800
  65    0.0 2.7e-02   1.000       0.25 2.0196e-08  30.421      -30.4  -30.421   0.000  0.0000    1.0     8.00      1365  0.800
  66    0.0 2.2e-02   0.963       0.24 1.9272e-08  30.421      -30.4  -30.421   0.048  0.0000    1.0     8.00      1386  0.800
  67    0.0 1.8e-02   0.926       0.24 1.9323e-08  29.497      -29.5  -29.497   0.143  0.0195    1.0     8.00      1407  0.800
  68    0.0 1.4e-02   0.958       0.24 1.5922e-08  30.265      -30.3  -30.265   0.143  0.0015    1.0     8.00      1428  0.800
  69    0.0 1.1e-02   1.000       0.24 1.8381e-08  29.341      -29.3  -29.341   0.000  0.0000    1.0     8.00      1449  0.800
  70    0.0 9.0e-03   1.000       0.24 1.8372e-08  29.341      -29.3  -29.341   0.095  0.0003    1.0     8.00      1470  0.800
  71    0.0 7.2e-03   1.000       0.24 1.8363e-08  29.341      -29.3  -29.341   0.048  0.0000    1.0     8.00      1491  0.800
  72    0.0 5.8e-03   1.000       0.24 1.7784e-08  29.497      -29.5  -29.497   0.000  0.0000    1.0     8.00      1512  0.800
  73    0.0 4.6e-03   0.999       0.24 1.774e-08   29.497      -29.5  -29.497   0.048  0.0000    1.0     8.00      1533  0.800
  74    0.0 3.7e-03   1.000       0.24 1.8363e-08  29.341      -29.3  -29.341   0.048  0.0000    1.0     8.00      1554  0.800
  75    0.0 2.9e-03   0.999       0.24 1.774e-08   29.497      -29.5  -29.497   0.048  0.0000    1.0     8.00      1575  0.800
  76    0.0 2.4e-03   1.000       0.24 1.8372e-08  29.341      -29.3  -29.341   0.095  0.0003    1.0     8.00      1596  0.800
  77    0.0 1.9e-03   1.000       0.24 1.8372e-08  29.341      -29.3  -29.341   0.095  0.0003    1.0     8.00      1617  0.800
  78    0.0 1.5e-03   1.000       0.24 1.8369e-08  29.341      -29.3  -29.341   0.143  0.0003    1.0     8.00      1638  0.800
  79    0.0 1.2e-03   0.999       0.24 1.774e-08   29.497      -29.5  -29.497   0.048  0.0000    1.0     8.00      1659  0.800
  80    0.0 9.7e-04   1.000       0.24 1.8363e-08  29.341      -29.3  -29.341   0.048  0.0000    1.0     8.00      1680  0.800
  81    0.0 0.0e+00   0.999       0.24 1.774e-08   29.497      -29.5  -29.497   0.048  0.0000    1.0     8.00      1701  0.800
## Placement Quench took 0.00 seconds (max_rss 447.8 MiB)

BB estimate of min-dist (placement) wire length: 144

Completed placement consistency check successfully.

Swaps called: 1711

Aborted Move Reasons:
  No moves aborted

Placement estimated critical path delay (least slack): 29.3407 ns, Fmax: 34.0823 MHz
Placement estimated setup Worst Negative Slack (sWNS): -29.3407 ns
Placement estimated setup Total Negative Slack (sTNS): -29.3407 ns

Placement estimated setup slack histogram:
[ -2.9e-08: -2.9e-08) 1 (100.0%) |**************************************************
[ -2.9e-08: -2.9e-08) 0 (  0.0%) |
[ -2.9e-08: -2.9e-08) 0 (  0.0%) |
[ -2.9e-08: -2.9e-08) 0 (  0.0%) |
[ -2.9e-08: -2.9e-08) 0 (  0.0%) |
[ -2.9e-08: -2.9e-08) 0 (  0.0%) |
[ -2.9e-08: -2.9e-08) 0 (  0.0%) |
[ -2.9e-08: -2.9e-08) 0 (  0.0%) |
[ -2.9e-08: -2.9e-08) 0 (  0.0%) |
[ -2.9e-08: -2.9e-08) 0 (  0.0%) |

Placement estimated geomean non-virtual intra-domain period: nan ns (nan MHz)
Placement estimated fanout-weighted geomean non-virtual intra-domain period: nan ns (nan MHz)

Placement cost: 0.998743, bb_cost: 0.236228, td_cost: 1.83806e-08, 

Placement resource usage:
  PB-LOGIC   implemented as TL-LOGIC  : 1
  PB-SDIOMUX implemented as TL-SDIOMUX: 3
  PB-SYN_VCC implemented as TL-SYN_VCC: 1
  PB-BIDIR   implemented as TL-BIDIR  : 4
  PB-SYN_GND implemented as TL-SYN_GND: 1

Placement number of temperatures: 81
Placement total # of swap attempts: 1711
	Swaps accepted:  615 (35.9 %)
	Swaps rejected:  481 (28.1 %)
	Swaps aborted :  615 (35.9 %)
Placement Quench timing analysis took 1.423e-05 seconds (9.538e-06 STA, 4.692e-06 slack) (1 full updates: 1 setup, 0 hold, 0 combined).
Placement Total  timing analysis took 0.00138947 seconds (0.000922929 STA, 0.000466543 slack) (83 full updates: 83 setup, 0 hold, 0 combined).
update_td_costs: connections 0 nets 0 sum_nets 0 total 0
Incr Slack updates 83 in 0.000122164 sec
Full Max Req/Worst Slack updates 37 in 4.5231e-05 sec
Incr Max Req/Worst Slack updates 46 in 4.1617e-05 sec
Incr Criticality updates 9 in 1.4845e-05 sec
Full Criticality updates 74 in 0.000116541 sec
# Placement took 1.26 seconds (max_rss 447.8 MiB, delta_rss +77.1 MiB)

Flow timing analysis took 0.00138947 seconds (0.000922929 STA, 0.000466543 slack) (83 full updates: 83 setup, 0 hold, 0 combined).
VPR succeeded
The entire flow of VPR took 42.18 seconds (max_rss 447.8 MiB)
