#Timing report of worst 1 path(s)
# Unit scale: 1e-09 seconds
# Output precision: 3

#Path 1
Startpoint: P.inpad[0] (.input clocked by virtual_io_clock)
Endpoint  : out:A.outpad[0] (.output clocked by virtual_io_clock)
Path Type : hold

Point                                                                 Incr      Path
------------------------------------------------------------------------------------
clock virtual_io_clock (rise edge)                                   0.000     0.000
clock source latency                                                 0.000     0.000
input external delay                                                 0.000     0.000
P.inpad[0] (.input)                                                  0.000     0.000
$iopadmap$_7447.P.I_PAD_$inp[0] (BIDIR_CELL)                         0.000     0.000
$iopadmap$_7447.P.I_DAT[0] (BIDIR_CELL)                             10.153    10.153
A_LUT3_O.t_frag.XAB[0] (T_FRAG)                                      3.607    13.760
A_LUT3_O.t_frag.XZ[0] (T_FRAG)                                       0.909    14.669
$iopadmap$_7447.A.O_DAT[0] (SDIOMUX_CELL)                            4.038    18.707
$iopadmap$_7447.A.O_PAD_$out[0] (SDIOMUX_CELL)                       8.931    27.638
out:A.outpad[0] (.output)                                            0.000    27.638
data arrival time                                                             27.638

clock virtual_io_clock (rise edge)                                   0.000     0.000
clock source latency                                                 0.000     0.000
clock uncertainty                                                    0.000     0.000
output external delay                                                0.000     0.000
data required time                                                             0.000
------------------------------------------------------------------------------------
data required time                                                            -0.000
data arrival time                                                             27.638
------------------------------------------------------------------------------------
slack (MET)                                                                   27.638


#End of timing report
